<html>
<body>
<pre>
<h1>�Vision Build Log</h1>
<h2>Tool Versions:</h2>
IDE-Version: ��Vision V5.36.0.0
Copyright (C) 2021 ARM Ltd and ARM Germany GmbH. All rights reserved.
License Information: 550 lenovo, 101, LIC=X96CK-ZSGUX-125LE-57LMH-1YVSU-EEV4J
 
Tool Versions:
Toolchain:       MDK-ARM Plus  Version: 5.36.0.0
Toolchain Path:  D:\common1\ARM\ARMCC\Bin
C Compiler:      Armcc.exe V5.06 update 7 (build 960)
Assembler:       Armasm.exe V5.06 update 7 (build 960)
Linker/Locator:  ArmLink.exe V5.06 update 7 (build 960)
Library Manager: ArmAr.exe V5.06 update 7 (build 960)
Hex Converter:   FromElf.exe V5.06 update 7 (build 960)
CPU DLL:         SARMCM3.DLL V5.36.0.0
Dialog DLL:      DCM.DLL V1.17.3.0
Target DLL:      STLink\ST-LINKIII-KEIL_SWO.dll V3.0.9.0
Dialog DLL:      TCM.DLL V1.53.0.0
 
<h2>Project:</h2>
D:\STM32\STM32HJXMALL\STM32HJXM\Project.uvprojx
Project File Date:  05/26/2026

<h2>Output:</h2>
*** Using Compiler 'V5.06 update 7 (build 960)', folder: 'D:\common1\ARM\ARMCC\Bin'
Rebuild target 'Target 1'
assembling startup_stm32f10x_md.s...
compiling stm32f10x_crc.c...
compiling stm32f10x_bkp.c...
compiling stm32f10x_dbgmcu.c...
compiling stm32f10x_flash.c...
compiling stm32f10x_cec.c...
compiling core_cm3.c...
compiling misc.c...
compiling system_stm32f10x.c...
compiling stm32f10x_exti.c...
compiling stm32f10x_adc.c...
compiling stm32f10x_dac.c...
compiling stm32f10x_dma.c...
compiling stm32f10x_can.c...
compiling stm32f10x_fsmc.c...
compiling stm32f10x_gpio.c...
compiling stm32f10x_i2c.c...
compiling stm32f10x_iwdg.c...
compiling stm32f10x_pwr.c...
compiling stm32f10x_rcc.c...
compiling stm32f10x_rtc.c...
compiling stm32f10x_spi.c...
compiling stm32f10x_sdio.c...
compiling stm32f10x_usart.c...
compiling stm32f10x_wwdg.c...
compiling Delay.c...
compiling LED.c...
Hardware\LED.c(17): warning:  #1-D: last line of file ends without a newline
  }
Hardware\LED.c: 1 warning, 0 errors
compiling OLED.c...
compiling Key.c...
compiling stm32f10x_tim.c...
compiling PWM.c...
compiling Motor.c...
compiling AD.c...
compiling DD.c...
Hardware\DD.c(43): warning:  #1-D: last line of file ends without a newline
  }
Hardware\DD.c: 1 warning, 0 errors
compiling main.c...
.\Hardware\DD.h(7): warning:  #1-D: last line of file ends without a newline
  #endif
User\main.c: 1 warning, 0 errors
compiling stm32f10x_it.c...
compiling Serial.c...
Hardware\Serial.c(164): warning:  #177-D: variable "RxState"  was declared but never referenced
  static uint8_t RxState = 0;		//定义表示当前状态机状态的静态变�?
Hardware\Serial.c(165): warning:  #177-D: variable "pRxPacket"  was declared but never referenced
  	static uint8_t pRxPacket = 0;
Hardware\Serial.c: 2 warnings, 0 errors
linking...
Program Size: Code=13432 RO-data=2340 RW-data=44 ZI-data=1860  
".\Objects\Project.axf" - 0 Error(s), 5 Warning(s).

<h2>Software Packages used:</h2>

Package Vendor: Keil
                http://www.keil.com/pack/Keil.STM32F1xx_DFP.2.3.0.pack
                Keil.STM32F1xx_DFP.2.3.0
                STMicroelectronics STM32F1 Series Device Support, Drivers and Examples

<h2>Collection of Component include folders:</h2>
  D:\common1\Keil\STM32F1xx_DFP\2.3.0\Device\Include

<h2>Collection of Component Files used:</h2>
Build Time Elapsed:  00:00:02
</pre>
</body>
</html>
